EXEC node --test tests/test_emulator_portal_demo.mjs tests/test_emulator_attacks.mjs tests/test_emulator_bridge.mjs
✔ all seven simulated operations start, change and stop without another module changing (5.5968ms)
✔ cancel, disconnect and reset never resurrect jobs or write captures (0.406ms)
✔ invalid inputs never reserve the module and credentials never enter model history (0.4331ms)
✔ MITM creates target-specific PCAP only on stop and handles SD/quota failures atomically (0.7129ms)
✔ clock slicing produces identical bounded simulated results (1.0389ms)
✔ Observer preserves scenario identities, changes activity, freezes on stop and resets (0.8297ms)
✔ C boundary scan rows preserve scenario identities and cancellation (1.5741ms)
✔ portal story reveals connection, page visit and synthetic submission in order (3.5486ms)
✔ stop or disconnect before submission freezes the story; other module stays independent (2.1182ms)
✔ every selectable network completes the demo even without a seeded client (4.2834ms)
ℹ tests 10
ℹ suites 0
ℹ pass 10
ℹ fail 0
ℹ cancelled 0
ℹ skipped 0
ℹ todo 0
ℹ duration_ms 105.4897
EXEC C:\Users\mati\Documents\GitHub\M5MonsterC5-Tab5\tools\ui_emulator\.venv\Scripts\python.exe tests/test_emulator_portal_demo.py
test_cancel_before_submission_and_reset (__main__.PortalDemoBrowser.test_cancel_before_submission_and_reset) ... ok
test_chrome_clinic_without_seeded_client_completes (__main__.PortalDemoBrowser.test_chrome_clinic_without_seeded_client_completes) ... ok
test_evil_and_rogue_sequence_all_rotations (__main__.PortalDemoBrowser.test_evil_and_rogue_sequence_all_rotations) ... ok
test_internal_portal_sequence_stop_and_reopen (__main__.PortalDemoBrowser.test_internal_portal_sequence_stop_and_reopen) ... ok

----------------------------------------------------------------------
Ran 4 tests in 19.431s

OK
EXEC C:\Users\mati\Documents\GitHub\M5MonsterC5-Tab5\tools\ui_emulator\.venv\Scripts\python.exe tests/test_emulator_phase4_audit.py
test_all_back_routes_covered_or_deferred (__main__.CoverageAudit.test_all_back_routes_covered_or_deferred)
Every back route works, unless it is an explicitly deferred screen. ... ok
test_every_ledger_control_is_categorized (__main__.CoverageAudit.test_every_ledger_control_is_categorized)
No dead control may ship without a documented reason. ... ok
test_ledger_control_total_conserved (__main__.CoverageAudit.test_ledger_control_total_conserved) ... ok
test_matches_committed_baseline (__main__.CoverageAudit.test_matches_committed_baseline)
Guard against silent coverage regressions or stale baselines. ... ok
test_open_items_are_identified (__main__.CoverageAudit.test_open_items_are_identified)
Each open item carries a category and a human-readable reason. ... ok

----------------------------------------------------------------------
Ran 5 tests in 0.079s

OK

TEST SUMMARY
==============================================================================
portal_demo
  PASS            0.16s  test_emulator_portal_demo.mjs test_emulator_attacks.mjs test_emulator_bridge.mjs
  PASS           19.71s  test_emulator_portal_demo.py
  PASS            0.24s  test_emulator_phase4_audit.py
------------------------------------------------------------------------------
Result: PASS | scripts PASS: 3 | FAIL/ERROR: 0
Total elapsed: 20.12s
Section wrapper times include their children; do not add them together.
Report: C:\Users\mati\Documents\GitHub\M5MonsterC5-Tab5\docs\ui-emulator\test-runs\20260912-183505-a6075b\summary.json

