EXEC node --test tests/test_emulator_sae.mjs tests/test_emulator_attacks.mjs
✔ all seven simulated operations start, change and stop without another module changing (4.1128ms)
✔ cancel, disconnect and reset never resurrect jobs or write captures (0.419ms)
✔ invalid inputs never reserve the module and credentials never enter model history (0.3422ms)
✔ MITM creates target-specific PCAP only on stop and handles SD/quota failures atomically (0.49ms)
✔ clock slicing produces identical bounded simulated results (0.5521ms)
✔ Observer preserves scenario identities, changes activity, freezes on stop and resets (0.4642ms)
✔ SAE requires exactly one scenario target and rejects invalid selection without reserving radio (2.0911ms)
✔ SAE cancellation, module disconnect and reset cannot resume old activity (0.4526ms)
ℹ tests 8
ℹ suites 0
ℹ pass 8
ℹ fail 0
ℹ cancelled 0
ℹ skipped 0
ℹ todo 0
ℹ duration_ms 102.3255
EXEC C:\Users\mati\Documents\GitHub\M5MonsterC5-Tab5\tools\ui_emulator\.venv\Scripts\python.exe tests/test_emulator_sae.py
test_invalid_selection_disconnect_and_reset (__main__.SaeBrowser.test_invalid_selection_disconnect_and_reset) ... ok
test_native_popup_target_stop_and_reopen_in_four_rotations (__main__.SaeBrowser.test_native_popup_target_stop_and_reopen_in_four_rotations) ... ok

----------------------------------------------------------------------
Ran 2 tests in 8.060s

OK
EXEC C:\Users\mati\Documents\GitHub\M5MonsterC5-Tab5\tools\ui_emulator\.venv\Scripts\python.exe tests/test_emulator_phase4_attacks.py
......----------------------------------------
Exception occurred during processing of request from ('127.0.0.1', 59598)
Traceback (most recent call last):
  File "C:\Users\mati\AppData\Local\Programs\Python\Python313\Lib\socketserver.py", line 697, in process_request_thread
    self.finish_request(request, client_address)
    ~~~~~~~~~~~~~~~~~~~^^^^^^^^^^^^^^^^^^^^^^^^^
  File "C:\Users\mati\AppData\Local\Programs\Python\Python313\Lib\socketserver.py", line 362, in finish_request
    self.RequestHandlerClass(request, client_address, self)
    ~~~~~~~~~~~~~~~~~~~~~~~~^^^^^^^^^^^^^^^^^^^^^^^^^^^^^^^
  File "C:\Users\mati\AppData\Local\Programs\Python\Python313\Lib\http\server.py", line 672, in __init__
    super().__init__(*args, **kwargs)
    ~~~~~~~~~~~~~~~~^^^^^^^^^^^^^^^^^
  File "C:\Users\mati\AppData\Local\Programs\Python\Python313\Lib\socketserver.py", line 766, in __init__
    self.handle()
    ~~~~~~~~~~~^^
  File "C:\Users\mati\AppData\Local\Programs\Python\Python313\Lib\http\server.py", line 438, in handle
    self.handle_one_request()
    ~~~~~~~~~~~~~~~~~~~~~~~^^
  File "C:\Users\mati\AppData\Local\Programs\Python\Python313\Lib\http\server.py", line 404, in handle_one_request
    self.raw_requestline = self.rfile.readline(65537)
                           ~~~~~~~~~~~~~~~~~~~^^^^^^^
  File "C:\Users\mati\AppData\Local\Programs\Python\Python313\Lib\socket.py", line 719, in readinto
    return self._sock.recv_into(b)
           ~~~~~~~~~~~~~~~~~~~~^^^
ConnectionResetError: [WinError 10054] Istniejące połączenie zostało gwałtownie zamknięte przez zdalnego hosta
----------------------------------------
----------------------------------------
Exception occurred during processing of request from ('127.0.0.1', 51633)
Traceback (most recent call last):
  File "C:\Users\mati\AppData\Local\Programs\Python\Python313\Lib\socketserver.py", line 697, in process_request_thread
    self.finish_request(request, client_address)
    ~~~~~~~~~~~~~~~~~~~^^^^^^^^^^^^^^^^^^^^^^^^^
----------------------------------------  File "C:\Users\mati\AppData\Local\Programs\Python\Python313\Lib\socketserver.py", line 362, in finish_request
    self.RequestHandlerClass(request, client_address, self)
    ~~~~~~~~~~~~~~~~~~~~~~~~^^^^^^^^^^^^^^^^^^^^^^^^^^^^^^^
  File "C:\Users\mati\AppData\Local\Programs\Python\Python313\Lib\http\server.py", line 672, in __init__
    super().__init__(*args, **kwargs)
    ~~~~~~~~~~~~~~~~^^^^^^^^^^^^^^^^^
  File "C:\Users\mati\AppData\Local\Programs\Python\Python313\Lib\socketserver.py", line 766, in __init__
    self.handle()
    ~~~~~~~~~~~^^

Exception occurred during processing of request from  File "C:\Users\mati\AppData\Local\Programs\Python\Python313\Lib\http\server.py", line 438, in handle
    self.handle_one_request()
    ~~~~~~~~~~~~~~~~~~~~~~~^^
 ('127.0.0.1', 63251)  File "C:\Users\mati\AppData\Local\Programs\Python\Python313\Lib\http\server.py", line 404, in handle_one_request
    self.raw_requestline = self.rfile.readline(65537)
                           ~~~~~~~~~~~~~~~~~~~^^^^^^^

  File "C:\Users\mati\AppData\Local\Programs\Python\Python313\Lib\socket.py", line 719, in readinto
    return self._sock.recv_into(b)
           ~~~~~~~~~~~~~~~~~~~~^^^
ConnectionResetError: [WinError 10054] Istniejące połączenie zostało gwałtownie zamknięte przez zdalnego hosta
----------------------------------------
Traceback (most recent call last):
  File "C:\Users\mati\AppData\Local\Programs\Python\Python313\Lib\socketserver.py", line 697, in process_request_thread
    self.finish_request(request, client_address)
    ~~~~~~~~~~~~~~~~~~~^^^^^^^^^^^^^^^^^^^^^^^^^
  File "C:\Users\mati\AppData\Local\Programs\Python\Python313\Lib\socketserver.py", line 362, in finish_request
    self.RequestHandlerClass(request, client_address, self)
    ~~~~~~~~~~~~~~~~~~~~~~~~^^^^^^^^^^^^^^^^^^^^^^^^^^^^^^^
  File "C:\Users\mati\AppData\Local\Programs\Python\Python313\Lib\http\server.py", line 672, in __init__
    super().__init__(*args, **kwargs)
    ~~~~~~~~~~~~~~~~^^^^^^^^^^^^^^^^^
  File "C:\Users\mati\AppData\Local\Programs\Python\Python313\Lib\socketserver.py", line 766, in __init__
    self.handle()
    ~~~~~~~~~~~^^
  File "C:\Users\mati\AppData\Local\Programs\Python\Python313\Lib\http\server.py", line 438, in handle
    self.handle_one_request()
    ~~~~~~~~~~~~~~~~~~~~~~~^^
  File "C:\Users\mati\AppData\Local\Programs\Python\Python313\Lib\http\server.py", line 404, in handle_one_request
    self.raw_requestline = self.rfile.readline(65537)
                           ~~~~~~~~~~~~~~~~~~~^^^^^^^
  File "C:\Users\mati\AppData\Local\Programs\Python\Python313\Lib\socket.py", line 719, in readinto
    return self._sock.recv_into(b)
           ~~~~~~~~~~~~~~~~~~~~^^^
ConnectionResetError: [WinError 10054] Istniejące połączenie zostało gwałtownie zamknięte przez zdalnego hosta
----------------------------------------
----------------------------------------
Exception occurred during processing of request from ('127.0.0.1', 58521)
Traceback (most recent call last):
  File "C:\Users\mati\AppData\Local\Programs\Python\Python313\Lib\socketserver.py", line 697, in process_request_thread
    self.finish_request(request, client_address)
    ~~~~~~~~~~~~~~~~~~~^^^^^^^^^^^^^^^^^^^^^^^^^
  File "C:\Users\mati\AppData\Local\Programs\Python\Python313\Lib\socketserver.py", line 362, in finish_request
    self.RequestHandlerClass(request, client_address, self)
    ~~~~~~~~~~~~~~~~~~~~~~~~^^^^^^^^^^^^^^^^^^^^^^^^^^^^^^^
  File "C:\Users\mati\AppData\Local\Programs\Python\Python313\Lib\http\server.py", line 672, in __init__
    super().__init__(*args, **kwargs)
    ~~~~~~~~~~~~~~~~^^^^^^^^^^^^^^^^^
  File "C:\Users\mati\AppData\Local\Programs\Python\Python313\Lib\socketserver.py", line 766, in __init__
    self.handle()
    ~~~~~~~~~~~^^
  File "C:\Users\mati\AppData\Local\Programs\Python\Python313\Lib\http\server.py", line 438, in handle
    self.handle_one_request()
    ~~~~~~~~~~~~~~~~~~~~~~~^^
  File "C:\Users\mati\AppData\Local\Programs\Python\Python313\Lib\http\server.py", line 404, in handle_one_request
    self.raw_requestline = self.rfile.readline(65537)
                           ~~~~~~~~~~~~~~~~~~~^^^^^^^
  File "C:\Users\mati\AppData\Local\Programs\Python\Python313\Lib\socket.py", line 719, in readinto
    return self._sock.recv_into(b)
           ~~~~~~~~~~~~~~~~~~~~^^^
ConnectionResetError: [WinError 10054] Istniejące połączenie zostało gwałtownie zamknięte przez zdalnego hosta
----------------------------------------
----------------------------------------
Exception occurred during processing of request from ('127.0.0.1', 60974)
Traceback (most recent call last):
  File "C:\Users\mati\AppData\Local\Programs\Python\Python313\Lib\socketserver.py", line 697, in process_request_thread
    self.finish_request(request, client_address)
    ~~~~~~~~~~~~~~~~~~~^^^^^^^^^^^^^^^^^^^^^^^^^
  File "C:\Users\mati\AppData\Local\Programs\Python\Python313\Lib\socketserver.py", line 362, in finish_request
    self.RequestHandlerClass(request, client_address, self)
    ~~~~~~~~~~~~~~~~~~~~~~~~^^^^^^^^^^^^^^^^^^^^^^^^^^^^^^^
  File "C:\Users\mati\AppData\Local\Programs\Python\Python313\Lib\http\server.py", line 672, in __init__
    super().__init__(*args, **kwargs)
    ~~~~~~~~~~~~~~~~^^^^^^^^^^^^^^^^^
  File "C:\Users\mati\AppData\Local\Programs\Python\Python313\Lib\socketserver.py", line 766, in __init__
    self.handle()
    ~~~~~~~~~~~^^
  File "C:\Users\mati\AppData\Local\Programs\Python\Python313\Lib\http\server.py", line 436, in handle
    self.handle_one_request()
    ~~~~~~~~~~~~~~~~~~~~~~~^^
  File "C:\Users\mati\AppData\Local\Programs\Python\Python313\Lib\http\server.py", line 404, in handle_one_request
    self.raw_requestline = self.rfile.readline(65537)
                           ~~~~~~~~~~~~~~~~~~~^^^^^^^
  File "C:\Users\mati\AppData\Local\Programs\Python\Python313\Lib\socket.py", line 719, in readinto
    return self._sock.recv_into(b)
           ~~~~~~~~~~~~~~~~~~~~^^^
ConnectionResetError: [WinError 10054] Istniejące połączenie zostało gwałtownie zamknięte przez zdalnego hosta
----------------------------------------
----------------------------------------
Exception occurred during processing of request from ('127.0.0.1', 49252)
Traceback (most recent call last):
  File "C:\Users\mati\AppData\Local\Programs\Python\Python313\Lib\socketserver.py", line 697, in process_request_thread
    self.finish_request(request, client_address)
    ~~~~~~~~~~~~~~~~~~~^^^^^^^^^^^^^^^^^^^^^^^^^
  File "C:\Users\mati\AppData\Local\Programs\Python\Python313\Lib\socketserver.py", line 362, in finish_request
    self.RequestHandlerClass(request, client_address, self)
    ~~~~~~~~~~~~~~~~~~~~~~~~^^^^^^^^^^^^^^^^^^^^^^^^^^^^^^^
  File "C:\Users\mati\AppData\Local\Programs\Python\Python313\Lib\http\server.py", line 672, in __init__
    super().__init__(*args, **kwargs)
    ~~~~~~~~~~~~~~~~^^^^^^^^^^^^^^^^^
  File "C:\Users\mati\AppData\Local\Programs\Python\Python313\Lib\socketserver.py", line 766, in __init__
    self.handle()
    ~~~~~~~~~~~^^
  File "C:\Users\mati\AppData\Local\Programs\Python\Python313\Lib\http\server.py", line 436, in handle
    self.handle_one_request()
    ~~~~~~~~~~~~~~~~~~~~~~~^^
  File "C:\Users\mati\AppData\Local\Programs\Python\Python313\Lib\http\server.py", line 404, in handle_one_request
    self.raw_requestline = self.rfile.readline(65537)
                           ~~~~~~~~~~~~~~~~~~~^^^^^^^
  File "C:\Users\mati\AppData\Local\Programs\Python\Python313\Lib\socket.py", line 719, in readinto
    return self._sock.recv_into(b)
           ~~~~~~~~~~~~~~~~~~~~^^^
ConnectionResetError: [WinError 10054] Istniejące połączenie zostało gwałtownie zamknięte przez zdalnego hosta
----------------------------------------
WAIT 30s: C:\Users\mati\Documents\GitHub\M5MonsterC5-Tab5\tools\ui_emulator\.venv\Scripts\python.exe tests/test_emulator_phase4_attacks.py
E----------------------------------------
Exception occurred during processing of request from ('127.0.0.1', 57608)
Traceback (most recent call last):
  File "C:\Users\mati\AppData\Local\Programs\Python\Python313\Lib\socketserver.py", line 697, in process_request_thread
    self.finish_request(request, client_address)
    ~~~~~~~~~~~~~~~~~~~^^^^^^^^^^^^^^^^^^^^^^^^^
----------------------------------------
Exception occurred during processing of request from  File "C:\Users\mati\AppData\Local\Programs\Python\Python313\Lib\socketserver.py", line 362, in finish_request
    self.RequestHandlerClass(request, client_address, self)
    ~~~~~~~~~~~~~~~~~~~~~~~~^^^^^^^^^^^^^^^^^^^^^^^^^^^^^^^
 ('127.0.0.1', 60429)  File "C:\Users\mati\AppData\Local\Programs\Python\Python313\Lib\http\server.py", line 672, in __init__
    super().__init__(*args, **kwargs)
    ~~~~~~~~~~~~~~~~^^^^^^^^^^^^^^^^^

  File "C:\Users\mati\AppData\Local\Programs\Python\Python313\Lib\socketserver.py", line 766, in __init__
    self.handle()
    ~~~~~~~~~~~^^
  File "C:\Users\mati\AppData\Local\Programs\Python\Python313\Lib\http\server.py", line 438, in handle
    self.handle_one_request()
    ~~~~~~~~~~~~~~~~~~~~~~~^^
  File "C:\Users\mati\AppData\Local\Programs\Python\Python313\Lib\http\server.py", line 404, in handle_one_request
    self.raw_requestline = self.rfile.readline(65537)
                           ~~~~~~~~~~~~~~~~~~~^^^^^^^
  File "C:\Users\mati\AppData\Local\Programs\Python\Python313\Lib\socket.py", line 719, in readinto
    return self._sock.recv_into(b)
           ~~~~~~~~~~~~~~~~~~~~^^^
Traceback (most recent call last):
  File "C:\Users\mati\AppData\Local\Programs\Python\Python313\Lib\socketserver.py", line 697, in process_request_thread
    self.finish_request(request, client_address)
    ~~~~~~~~~~~~~~~~~~~^^^^^^^^^^^^^^^^^^^^^^^^^
ConnectionResetError: [WinError 10054] Istniejące połączenie zostało gwałtownie zamknięte przez zdalnego hosta
  File "C:\Users\mati\AppData\Local\Programs\Python\Python313\Lib\socketserver.py", line 362, in finish_request
    self.RequestHandlerClass(request, client_address, self)
    ~~~~~~~~~~~~~~~~~~~~~~~~^^^^^^^^^^^^^^^^^^^^^^^^^^^^^^^
  File "C:\Users\mati\AppData\Local\Programs\Python\Python313\Lib\http\server.py", line 672, in __init__
    super().__init__(*args, **kwargs)
    ~~~~~~~~~~~~~~~~^^^^^^^^^^^^^^^^^
  File "C:\Users\mati\AppData\Local\Programs\Python\Python313\Lib\socketserver.py", line 766, in __init__
    self.handle()
    ~~~~~~~~~~~^^
  File "C:\Users\mati\AppData\Local\Programs\Python\Python313\Lib\http\server.py", line 438, in handle
    self.handle_one_request()
    ~~~~~~~~~~~~~~~~~~~~~~~^^
  File "C:\Users\mati\AppData\Local\Programs\Python\Python313\Lib\http\server.py", line 404, in handle_one_request
    self.raw_requestline = self.rfile.readline(65537)
                           ~~~~~~~~~~~~~~~~~~~^^^^^^^
----------------------------------------
----------------------------------------
Exception occurred during processing of request from ('127.0.0.1', 55094)
  File "C:\Users\mati\AppData\Local\Programs\Python\Python313\Lib\socket.py", line 719, in readinto
    return self._sock.recv_into(b)
           ~~~~~~~~~~~~~~~~~~~~^^^
ConnectionResetError: [WinError 10054] Istniejące połączenie zostało gwałtownie zamknięte przez zdalnego hosta
----------------------------------------
Traceback (most recent call last):
  File "C:\Users\mati\AppData\Local\Programs\Python\Python313\Lib\socketserver.py", line 697, in process_request_thread
    self.finish_request(request, client_address)
    ~~~~~~~~~~~~~~~~~~~^^^^^^^^^^^^^^^^^^^^^^^^^
----------------------------------------
Exception occurred during processing of request from ('127.0.0.1', 55015)
  File "C:\Users\mati\AppData\Local\Programs\Python\Python313\Lib\socketserver.py", line 362, in finish_request
    self.RequestHandlerClass(request, client_address, self)
    ~~~~~~~~~~~~~~~~~~~~~~~~^^^^^^^^^^^^^^^^^^^^^^^^^^^^^^^
  File "C:\Users\mati\AppData\Local\Programs\Python\Python313\Lib\http\server.py", line 672, in __init__
    super().__init__(*args, **kwargs)
    ~~~~~~~~~~~~~~~~^^^^^^^^^^^^^^^^^
  File "C:\Users\mati\AppData\Local\Programs\Python\Python313\Lib\socketserver.py", line 766, in __init__
    self.handle()
    ~~~~~~~~~~~^^
  File "C:\Users\mati\AppData\Local\Programs\Python\Python313\Lib\http\server.py", line 438, in handle
    self.handle_one_request()
    ~~~~~~~~~~~~~~~~~~~~~~~^^
  File "C:\Users\mati\AppData\Local\Programs\Python\Python313\Lib\http\server.py", line 404, in handle_one_request
    self.raw_requestline = self.rfile.readline(65537)
                           ~~~~~~~~~~~~~~~~~~~^^^^^^^
Traceback (most recent call last):
  File "C:\Users\mati\AppData\Local\Programs\Python\Python313\Lib\socketserver.py", line 697, in process_request_thread
    self.finish_request(request, client_address)
    ~~~~~~~~~~~~~~~~~~~^^^^^^^^^^^^^^^^^^^^^^^^^
  File "C:\Users\mati\AppData\Local\Programs\Python\Python313\Lib\socket.py", line 719, in readinto
    return self._sock.recv_into(b)
           ~~~~~~~~~~~~~~~~~~~~^^^
ConnectionResetError: [WinError 10054] Istniejące połączenie zostało gwałtownie zamknięte przez zdalnego hosta
  File "C:\Users\mati\AppData\Local\Programs\Python\Python313\Lib\socketserver.py", line 362, in finish_request
    self.RequestHandlerClass(request, client_address, self)
    ~~~~~~~~~~~~~~~~~~~~~~~~^^^^^^^^^^^^^^^^^^^^^^^^^^^^^^^
  File "C:\Users\mati\AppData\Local\Programs\Python\Python313\Lib\http\server.py", line 672, in __init__
    super().__init__(*args, **kwargs)
    ~~~~~~~~~~~~~~~~^^^^^^^^^^^^^^^^^
  File "C:\Users\mati\AppData\Local\Programs\Python\Python313\Lib\socketserver.py", line 766, in __init__
    self.handle()
    ~~~~~~~~~~~^^
----------------------------------------
  File "C:\Users\mati\AppData\Local\Programs\Python\Python313\Lib\http\server.py", line 438, in handle
    self.handle_one_request()
    ~~~~~~~~~~~~~~~~~~~~~~~^^
  File "C:\Users\mati\AppData\Local\Programs\Python\Python313\Lib\http\server.py", line 404, in handle_one_request
    self.raw_requestline = self.rfile.readline(65537)
                           ~~~~~~~~~~~~~~~~~~~^^^^^^^
  File "C:\Users\mati\AppData\Local\Programs\Python\Python313\Lib\socket.py", line 719, in readinto
    return self._sock.recv_into(b)
           ~~~~~~~~~~~~~~~~~~~~^^^
ConnectionResetError: [WinError 10054] Istniejące połączenie zostało gwałtownie zamknięte przez zdalnego hosta
----------------------------------------
----------------------------------------
Exception occurred during processing of request from ('127.0.0.1', 49669)
Traceback (most recent call last):
  File "C:\Users\mati\AppData\Local\Programs\Python\Python313\Lib\socketserver.py", line 697, in process_request_thread
    self.finish_request(request, client_address)
    ~~~~~~~~~~~~~~~~~~~^^^^^^^^^^^^^^^^^^^^^^^^^
  File "C:\Users\mati\AppData\Local\Programs\Python\Python313\Lib\socketserver.py", line 362, in finish_request
    self.RequestHandlerClass(request, client_address, self)
    ~~~~~~~~~~~~~~~~~~~~~~~~^^^^^^^^^^^^^^^^^^^^^^^^^^^^^^^
  File "C:\Users\mati\AppData\Local\Programs\Python\Python313\Lib\http\server.py", line 672, in __init__
    super().__init__(*args, **kwargs)
    ~~~~~~~~~~~~~~~~^^^^^^^^^^^^^^^^^
  File "C:\Users\mati\AppData\Local\Programs\Python\Python313\Lib\socketserver.py", line 766, in __init__
    self.handle()
    ~~~~~~~~~~~^^
  File "C:\Users\mati\AppData\Local\Programs\Python\Python313\Lib\http\server.py", line 436, in handle
    self.handle_one_request()
    ~~~~~~~~~~~~~~~~~~~~~~~^^
  File "C:\Users\mati\AppData\Local\Programs\Python\Python313\Lib\http\server.py", line 404, in handle_one_request
    self.raw_requestline = self.rfile.readline(65537)
                           ~~~~~~~~~~~~~~~~~~~^^^^^^^
  File "C:\Users\mati\AppData\Local\Programs\Python\Python313\Lib\socket.py", line 719, in readinto
    return self._sock.recv_into(b)
           ~~~~~~~~~~~~~~~~~~~~^^^
ConnectionResetError: [WinError 10054] Istniejące połączenie zostało gwałtownie zamknięte przez zdalnego hosta
----------------------------------------
----------------------------------------
Exception occurred during processing of request from ('127.0.0.1', 62688)
Traceback (most recent call last):
  File "C:\Users\mati\AppData\Local\Programs\Python\Python313\Lib\socketserver.py", line 697, in process_request_thread
    self.finish_request(request, client_address)
    ~~~~~~~~~~~~~~~~~~~^^^^^^^^^^^^^^^^^^^^^^^^^
  File "C:\Users\mati\AppData\Local\Programs\Python\Python313\Lib\socketserver.py", line 362, in finish_request
    self.RequestHandlerClass(request, client_address, self)
    ~~~~~~~~~~~~~~~~~~~~~~~~^^^^^^^^^^^^^^^^^^^^^^^^^^^^^^^
  File "C:\Users\mati\AppData\Local\Programs\Python\Python313\Lib\http\server.py", line 672, in __init__
    super().__init__(*args, **kwargs)
    ~~~~~~~~~~~~~~~~^^^^^^^^^^^^^^^^^
  File "C:\Users\mati\AppData\Local\Programs\Python\Python313\Lib\socketserver.py", line 766, in __init__
    self.handle()
    ~~~~~~~~~~~^^
  File "C:\Users\mati\AppData\Local\Programs\Python\Python313\Lib\http\server.py", line 436, in handle
    self.handle_one_request()
    ~~~~~~~~~~~~~~~~~~~~~~~^^
  File "C:\Users\mati\AppData\Local\Programs\Python\Python313\Lib\http\server.py", line 404, in handle_one_request
    self.raw_requestline = self.rfile.readline(65537)
                           ~~~~~~~~~~~~~~~~~~~^^^^^^^
  File "C:\Users\mati\AppData\Local\Programs\Python\Python313\Lib\socket.py", line 719, in readinto
    return self._sock.recv_into(b)
           ~~~~~~~~~~~~~~~~~~~~^^^
ConnectionResetError: [WinError 10054] Istniejące połączenie zostało gwałtownie zamknięte przez zdalnego hosta
----------------------------------------
----------------------------------------
Exception occurred during processing of request from ('127.0.0.1', 59848)
Traceback (most recent call last):
  File "C:\Users\mati\AppData\Local\Programs\Python\Python313\Lib\socketserver.py", line 697, in process_request_thread
    self.finish_request(request, client_address)
    ~~~~~~~~~~~~~~~~~~~^^^^^^^^^^^^^^^^^^^^^^^^^
  File "C:\Users\mati\AppData\Local\Programs\Python\Python313\Lib\socketserver.py", line 362, in finish_request
    self.RequestHandlerClass(request, client_address, self)
    ~~~~~~~~~~~~~~~~~~~~~~~~^^^^^^^^^^^^^^^^^^^^^^^^^^^^^^^
  File "C:\Users\mati\AppData\Local\Programs\Python\Python313\Lib\http\server.py", line 672, in __init__
    super().__init__(*args, **kwargs)
    ~~~~~~~~~~~~~~~~^^^^^^^^^^^^^^^^^
  File "C:\Users\mati\AppData\Local\Programs\Python\Python313\Lib\socketserver.py", line 766, in __init__
    self.handle()
    ~~~~~~~~~~~^^
  File "C:\Users\mati\AppData\Local\Programs\Python\Python313\Lib\http\server.py", line 436, in handle
    self.handle_one_request()
    ~~~~~~~~~~~~~~~~~~~~~~~^^
  File "C:\Users\mati\AppData\Local\Programs\Python\Python313\Lib\http\server.py", line 404, in handle_one_request
    self.raw_requestline = self.rfile.readline(65537)
                           ~~~~~~~~~~~~~~~~~~~^^^^^^^
  File "C:\Users\mati\AppData\Local\Programs\Python\Python313\Lib\socket.py", line 719, in readinto
    return self._sock.recv_into(b)
           ~~~~~~~~~~~~~~~~~~~~^^^
ConnectionResetError: [WinError 10054] Istniejące połączenie zostało gwałtownie zamknięte przez zdalnego hosta
----------------------------------------
WAIT 60s: C:\Users\mati\Documents\GitHub\M5MonsterC5-Tab5\tools\ui_emulator\.venv\Scripts\python.exe tests/test_emulator_phase4_attacks.py
E----------------------------------------
Exception occurred during processing of request from ('127.0.0.1', 65138)
Traceback (most recent call last):
  File "C:\Users\mati\AppData\Local\Programs\Python\Python313\Lib\socketserver.py", line 697, in process_request_thread
    self.finish_request(request, client_address)
    ~~~~~~~~~~~~~~~~~~~^^^^^^^^^^^^^^^^^^^^^^^^^
  File "C:\Users\mati\AppData\Local\Programs\Python\Python313\Lib\socketserver.py", line 362, in finish_request
    self.RequestHandlerClass(request, client_address, self)
    ~~~~~~~~~~~~~~~~~~~~~~~~^^^^^^^^^^^^^^^^^^^^^^^^^^^^^^^
  File "C:\Users\mati\AppData\Local\Programs\Python\Python313\Lib\http\server.py", line 672, in __init__
    super().__init__(*args, **kwargs)
    ~~~~~~~~~~~~~~~~^^^^^^^^^^^^^^^^^
  File "C:\Users\mati\AppData\Local\Programs\Python\Python313\Lib\socketserver.py", line 766, in __init__
    self.handle()
    ~~~~~~~~~~~^^
  File "C:\Users\mati\AppData\Local\Programs\Python\Python313\Lib\http\server.py", line 438, in handle
    self.handle_one_request()
    ~~~~~~~~~~~~~~~~~~~~~~~^^
  File "C:\Users\mati\AppData\Local\Programs\Python\Python313\Lib\http\server.py", line 404, in handle_one_request
    self.raw_requestline = self.rfile.readline(65537)
                           ~~~~~~~~~~~~~~~~~~~^^^^^^^
  File "C:\Users\mati\AppData\Local\Programs\Python\Python313\Lib\socket.py", line 719, in readinto
    return self._sock.recv_into(b)
           ~~~~~~~~~~~~~~~~~~~~^^^
ConnectionResetError: [WinError 10054] Istniejące połączenie zostało gwałtownie zamknięte przez zdalnego hosta
----------------------------------------
----------------------------------------
Exception occurred during processing of request from ('127.0.0.1', 51527)
Traceback (most recent call last):
  File "C:\Users\mati\AppData\Local\Programs\Python\Python313\Lib\socketserver.py", line 697, in process_request_thread
    self.finish_request(request, client_address)
    ~~~~~~~~~~~~~~~~~~~^^^^^^^^^^^^^^^^^^^^^^^^^
  File "C:\Users\mati\AppData\Local\Programs\Python\Python313\Lib\socketserver.py", line 362, in finish_request
    self.RequestHandlerClass(request, client_address, self)
    ~~~~~~~~~~~~~~~~~~~~~~~~^^^^^^^^^^^^^^^^^^^^^^^^^^^^^^^
  File "C:\Users\mati\AppData\Local\Programs\Python\Python313\Lib\http\server.py", line 672, in __init__
    super().__init__(*args, **kwargs)
    ~~~~~~~~~~~~~~~~^^^^^^^^^^^^^^^^^
  File "C:\Users\mati\AppData\Local\Programs\Python\Python313\Lib\socketserver.py", line 766, in __init__
    self.handle()
    ~~~~~~~~~~~^^
  File "C:\Users\mati\AppData\Local\Programs\Python\Python313\Lib\http\server.py", line 438, in handle
    self.handle_one_request()
    ~~~~~~~~~~~~~~~~~~~~~~~^^
  File "C:\Users\mati\AppData\Local\Programs\Python\Python313\Lib\http\server.py", line 404, in handle_one_request
    self.raw_requestline = self.rfile.readline(65537)
                           ~~~~~~~~~~~~~~~~~~~^^^^^^^
  File "C:\Users\mati\AppData\Local\Programs\Python\Python313\Lib\socket.py", line 719, in readinto
    return self._sock.recv_into(b)
           ~~~~~~~~~~~~~~~~~~~~^^^
ConnectionResetError: [WinError 10054] Istniejące połączenie zostało gwałtownie zamknięte przez zdalnego hosta
----------------------------------------
----------------------------------------
Exception occurred during processing of request from ('127.0.0.1', 54323)
Traceback (most recent call last):
  File "C:\Users\mati\AppData\Local\Programs\Python\Python313\Lib\socketserver.py", line 697, in process_request_thread
    self.finish_request(request, client_address)
    ~~~~~~~~~~~~~~~~~~~^^^^^^^^^^^^^^^^^^^^^^^^^
  File "C:\Users\mati\AppData\Local\Programs\Python\Python313\Lib\socketserver.py", line 362, in finish_request
    self.RequestHandlerClass(request, client_address, self)
    ~~~~~~~~~~~~~~~~~~~~~~~~^^^^^^^^^^^^^^^^^^^^^^^^^^^^^^^
  File "C:\Users\mati\AppData\Local\Programs\Python\Python313\Lib\http\server.py", line 672, in __init__
    super().__init__(*args, **kwargs)
    ~~~~~~~~~~~~~~~~^^^^^^^^^^^^^^^^^
  File "C:\Users\mati\AppData\Local\Programs\Python\Python313\Lib\socketserver.py", line 766, in __init__
    self.handle()
    ~~~~~~~~~~~^^
  File "C:\Users\mati\AppData\Local\Programs\Python\Python313\Lib\http\server.py", line 438, in handle
    self.handle_one_request()
    ~~~~~~~~~~~~~~~~~~~~~~~^^
  File "C:\Users\mati\AppData\Local\Programs\Python\Python313\Lib\http\server.py", line 404, in handle_one_request
    self.raw_requestline = self.rfile.readline(65537)
                           ~~~~~~~~~~~~~~~~~~~^^^^^^^
  File "C:\Users\mati\AppData\Local\Programs\Python\Python313\Lib\socket.py", line 719, in readinto
    return self._sock.recv_into(b)
           ~~~~~~~~~~~~~~~~~~~~^^^
ConnectionResetError: [WinError 10054] Istniejące połączenie zostało gwałtownie zamknięte przez zdalnego hosta
----------------------------------------
----------------------------------------
Exception occurred during processing of request from ('127.0.0.1', 49962)
Traceback (most recent call last):
  File "C:\Users\mati\AppData\Local\Programs\Python\Python313\Lib\socketserver.py", line 697, in process_request_thread
    self.finish_request(request, client_address)
    ~~~~~~~~~~~~~~~~~~~^^^^^^^^^^^^^^^^^^^^^^^^^
  File "C:\Users\mati\AppData\Local\Programs\Python\Python313\Lib\socketserver.py", line 362, in finish_request
    self.RequestHandlerClass(request, client_address, self)
    ~~~~~~~~~~~~~~~~~~~~~~~~^^^^^^^^^^^^^^^^^^^^^^^^^^^^^^^
  File "C:\Users\mati\AppData\Local\Programs\Python\Python313\Lib\http\server.py", line 672, in __init__
    super().__init__(*args, **kwargs)
    ~~~~~~~~~~~~~~~~^^^^^^^^^^^^^^^^^
  File "C:\Users\mati\AppData\Local\Programs\Python\Python313\Lib\socketserver.py", line 766, in __init__
    self.handle()
    ~~~~~~~~~~~^^
  File "C:\Users\mati\AppData\Local\Programs\Python\Python313\Lib\http\server.py", line 438, in handle
    self.handle_one_request()
    ~~~~~~~~~~~~~~~~~~~~~~~^^
  File "C:\Users\mati\AppData\Local\Programs\Python\Python313\Lib\http\server.py", line 404, in handle_one_request
    self.raw_requestline = self.rfile.readline(65537)
                           ~~~~~~~~~~~~~~~~~~~^^^^^^^
  File "C:\Users\mati\AppData\Local\Programs\Python\Python313\Lib\socket.py", line 719, in readinto
    return self._sock.recv_into(b)
           ~~~~~~~~~~~~~~~~~~~~^^^
ConnectionResetError: [WinError 10054] Istniejące połączenie zostało gwałtownie zamknięte przez zdalnego hosta
----------------------------------------
----------------------------------------
Exception occurred during processing of request from ('127.0.0.1', 56945)
Traceback (most recent call last):
  File "C:\Users\mati\AppData\Local\Programs\Python\Python313\Lib\socketserver.py", line 697, in process_request_thread
    self.finish_request(request, client_address)
    ~~~~~~~~~~~~~~~~~~~^^^^^^^^^^^^^^^^^^^^^^^^^
  File "C:\Users\mati\AppData\Local\Programs\Python\Python313\Lib\socketserver.py", line 362, in finish_request
    self.RequestHandlerClass(request, client_address, self)
    ~~~~~~~~~~~~~~~~~~~~~~~~^^^^^^^^^^^^^^^^^^^^^^^^^^^^^^^
  File "C:\Users\mati\AppData\Local\Programs\Python\Python313\Lib\http\server.py", line 672, in __init__
    super().__init__(*args, **kwargs)
    ~~~~~~~~~~~~~~~~^^^^^^^^^^^^^^^^^
  File "C:\Users\mati\AppData\Local\Programs\Python\Python313\Lib\socketserver.py", line 766, in __init__
    self.handle()
    ~~~~~~~~~~~^^
  File "C:\Users\mati\AppData\Local\Programs\Python\Python313\Lib\http\server.py", line 436, in handle
    self.handle_one_request()
    ~~~~~~~~~~~~~~~~~~~~~~~^^
  File "C:\Users\mati\AppData\Local\Programs\Python\Python313\Lib\http\server.py", line 404, in handle_one_request
    self.raw_requestline = self.rfile.readline(65537)
                           ~~~~~~~~~~~~~~~~~~~^^^^^^^
  File "C:\Users\mati\AppData\Local\Programs\Python\Python313\Lib\socket.py", line 719, in readinto
    return self._sock.recv_into(b)
           ~~~~~~~~~~~~~~~~~~~~^^^
ConnectionResetError: [WinError 10054] Istniejące połączenie zostało gwałtownie zamknięte przez zdalnego hosta
----------------------------------------
----------------------------------------
Exception occurred during processing of request from ('127.0.0.1', 57101)
Traceback (most recent call last):
  File "C:\Users\mati\AppData\Local\Programs\Python\Python313\Lib\socketserver.py", line 697, in process_request_thread
    self.finish_request(request, client_address)
    ~~~~~~~~~~~~~~~~~~~^^^^^^^^^^^^^^^^^^^^^^^^^
  File "C:\Users\mati\AppData\Local\Programs\Python\Python313\Lib\socketserver.py", line 362, in finish_request
    self.RequestHandlerClass(request, client_address, self)
    ~~~~~~~~~~~~~~~~~~~~~~~~^^^^^^^^^^^^^^^^^^^^^^^^^^^^^^^
  File "C:\Users\mati\AppData\Local\Programs\Python\Python313\Lib\http\server.py", line 672, in __init__
    super().__init__(*args, **kwargs)
    ~~~~~~~~~~~~~~~~^^^^^^^^^^^^^^^^^
  File "C:\Users\mati\AppData\Local\Programs\Python\Python313\Lib\socketserver.py", line 766, in __init__
    self.handle()
    ~~~~~~~~~~~^^
  File "C:\Users\mati\AppData\Local\Programs\Python\Python313\Lib\http\server.py", line 436, in handle
    self.handle_one_request()
    ~~~~~~~~~~~~~~~~~~~~~~~^^
  File "C:\Users\mati\AppData\Local\Programs\Python\Python313\Lib\http\server.py", line 404, in handle_one_request
    self.raw_requestline = self.rfile.readline(65537)
                           ~~~~~~~~~~~~~~~~~~~^^^^^^^
  File "C:\Users\mati\AppData\Local\Programs\Python\Python313\Lib\socket.py", line 719, in readinto
    return self._sock.recv_into(b)
           ~~~~~~~~~~~~~~~~~~~~^^^
ConnectionResetError: [WinError 10054] Istniejące połączenie zostało gwałtownie zamknięte przez zdalnego hosta
----------------------------------------
----------------------------------------
Exception occurred during processing of request from ('127.0.0.1', 58152)
Traceback (most recent call last):
  File "C:\Users\mati\AppData\Local\Programs\Python\Python313\Lib\socketserver.py", line 697, in process_request_thread
    self.finish_request(request, client_address)
    ~~~~~~~~~~~~~~~~~~~^^^^^^^^^^^^^^^^^^^^^^^^^
  File "C:\Users\mati\AppData\Local\Programs\Python\Python313\Lib\socketserver.py", line 362, in finish_request
    self.RequestHandlerClass(request, client_address, self)
    ~~~~~~~~~~~~~~~~~~~~~~~~^^^^^^^^^^^^^^^^^^^^^^^^^^^^^^^
  File "C:\Users\mati\AppData\Local\Programs\Python\Python313\Lib\http\server.py", line 672, in __init__
    super().__init__(*args, **kwargs)
    ~~~~~~~~~~~~~~~~^^^^^^^^^^^^^^^^^
  File "C:\Users\mati\AppData\Local\Programs\Python\Python313\Lib\socketserver.py", line 766, in __init__
    self.handle()
    ~~~~~~~~~~~^^
  File "C:\Users\mati\AppData\Local\Programs\Python\Python313\Lib\http\server.py", line 436, in handle
    self.handle_one_request()
    ~~~~~~~~~~~~~~~~~~~~~~~^^
  File "C:\Users\mati\AppData\Local\Programs\Python\Python313\Lib\http\server.py", line 404, in handle_one_request
    self.raw_requestline = self.rfile.readline(65537)
                           ~~~~~~~~~~~~~~~~~~~^^^^^^^
  File "C:\Users\mati\AppData\Local\Programs\Python\Python313\Lib\socket.py", line 719, in readinto
    return self._sock.recv_into(b)
           ~~~~~~~~~~~~~~~~~~~~^^^
ConnectionResetError: [WinError 10054] Istniejące połączenie zostało gwałtownie zamknięte przez zdalnego hosta
----------------------------------------
WAIT 90s: C:\Users\mati\Documents\GitHub\M5MonsterC5-Tab5\tools\ui_emulator\.venv\Scripts\python.exe tests/test_emulator_phase4_attacks.py
E----------------------------------------
Exception occurred during processing of request from ('127.0.0.1', 62097)
Traceback (most recent call last):
  File "C:\Users\mati\AppData\Local\Programs\Python\Python313\Lib\socketserver.py", line 697, in process_request_thread
    self.finish_request(request, client_address)
    ~~~~~~~~~~~~~~~~~~~^^^^^^^^^^^^^^^^^^^^^^^^^
  File "C:\Users\mati\AppData\Local\Programs\Python\Python313\Lib\socketserver.py", line 362, in finish_request
    self.RequestHandlerClass(request, client_address, self)
    ~~~~~~~~~~~~~~~~~~~~~~~~^^^^^^^^^^^^^^^^^^^^^^^^^^^^^^^
----------------------------------------  File "C:\Users\mati\AppData\Local\Programs\Python\Python313\Lib\http\server.py", line 672, in __init__
    super().__init__(*args, **kwargs)
    ~~~~~~~~~~~~~~~~^^^^^^^^^^^^^^^^^

Exception occurred during processing of request from ('127.0.0.1', 55467)
  File "C:\Users\mati\AppData\Local\Programs\Python\Python313\Lib\socketserver.py", line 766, in __init__
    self.handle()
    ~~~~~~~~~~~^^
  File "C:\Users\mati\AppData\Local\Programs\Python\Python313\Lib\http\server.py", line 438, in handle
    self.handle_one_request()
    ~~~~~~~~~~~~~~~~~~~~~~~^^
  File "C:\Users\mati\AppData\Local\Programs\Python\Python313\Lib\http\server.py", line 404, in handle_one_request
    self.raw_requestline = self.rfile.readline(65537)
                           ~~~~~~~~~~~~~~~~~~~^^^^^^^
  File "C:\Users\mati\AppData\Local\Programs\Python\Python313\Lib\socket.py", line 719, in readinto
    return self._sock.recv_into(b)
           ~~~~~~~~~~~~~~~~~~~~^^^
ConnectionResetError: [WinError 10054] Istniejące połączenie zostało gwałtownie zamknięte przez zdalnego hosta
----------------------------------------
Traceback (most recent call last):
  File "C:\Users\mati\AppData\Local\Programs\Python\Python313\Lib\socketserver.py", line 697, in process_request_thread
    self.finish_request(request, client_address)
    ~~~~~~~~~~~~~~~~~~~^^^^^^^^^^^^^^^^^^^^^^^^^
  File "C:\Users\mati\AppData\Local\Programs\Python\Python313\Lib\socketserver.py", line 362, in finish_request
    self.RequestHandlerClass(request, client_address, self)
    ~~~~~~~~~~~~~~~~~~~~~~~~^^^^^^^^^^^^^^^^^^^^^^^^^^^^^^^
  File "C:\Users\mati\AppData\Local\Programs\Python\Python313\Lib\http\server.py", line 672, in __init__
    super().__init__(*args, **kwargs)
    ~~~~~~~~~~~~~~~~^^^^^^^^^^^^^^^^^
----------------------------------------
Exception occurred during processing of request from----------------------------------------
Exception occurred during processing of request from ('127.0.0.1', 53076) 
('127.0.0.1', 64671)  File "C:\Users\mati\AppData\Local\Programs\Python\Python313\Lib\socketserver.py", line 766, in __init__
    self.handle()
    ~~~~~~~~~~~^^

  File "C:\Users\mati\AppData\Local\Programs\Python\Python313\Lib\http\server.py", line 438, in handle
    self.handle_one_request()
    ~~~~~~~~~~~~~~~~~~~~~~~^^
  File "C:\Users\mati\AppData\Local\Programs\Python\Python313\Lib\http\server.py", line 404, in handle_one_request
    self.raw_requestline = self.rfile.readline(65537)
                           ~~~~~~~~~~~~~~~~~~~^^^^^^^
  File "C:\Users\mati\AppData\Local\Programs\Python\Python313\Lib\socket.py", line 719, in readinto
    return self._sock.recv_into(b)
           ~~~~~~~~~~~~~~~~~~~~^^^
ConnectionResetError: [WinError 10054] Istniejące połączenie zostało gwałtownie zamknięte przez zdalnego hosta
----------------------------------------Traceback (most recent call last):
Traceback (most recent call last):
  File "C:\Users\mati\AppData\Local\Programs\Python\Python313\Lib\socketserver.py", line 697, in process_request_thread
    self.finish_request(request, client_address)
    ~~~~~~~~~~~~~~~~~~~^^^^^^^^^^^^^^^^^^^^^^^^^
  File "C:\Users\mati\AppData\Local\Programs\Python\Python313\Lib\socketserver.py", line 697, in process_request_thread
    self.finish_request(request, client_address)
    ~~~~~~~~~~~~~~~~~~~^^^^^^^^^^^^^^^^^^^^^^^^^

  File "C:\Users\mati\AppData\Local\Programs\Python\Python313\Lib\socketserver.py", line 362, in finish_request
    self.RequestHandlerClass(request, client_address, self)
    ~~~~~~~~~~~~~~~~~~~~~~~~^^^^^^^^^^^^^^^^^^^^^^^^^^^^^^^
  File "C:\Users\mati\AppData\Local\Programs\Python\Python313\Lib\http\server.py", line 672, in __init__
    super().__init__(*args, **kwargs)
    ~~~~~~~~~~~~~~~~^^^^^^^^^^^^^^^^^
  File "C:\Users\mati\AppData\Local\Programs\Python\Python313\Lib\socketserver.py", line 362, in finish_request
    self.RequestHandlerClass(request, client_address, self)
    ~~~~~~~~~~~~~~~~~~~~~~~~^^^^^^^^^^^^^^^^^^^^^^^^^^^^^^^
  File "C:\Users\mati\AppData\Local\Programs\Python\Python313\Lib\socketserver.py", line 766, in __init__
    self.handle()
    ~~~~~~~~~~~^^
  File "C:\Users\mati\AppData\Local\Programs\Python\Python313\Lib\http\server.py", line 672, in __init__
    super().__init__(*args, **kwargs)
    ~~~~~~~~~~~~~~~~^^^^^^^^^^^^^^^^^
  File "C:\Users\mati\AppData\Local\Programs\Python\Python313\Lib\socketserver.py", line 766, in __init__
    self.handle()
    ~~~~~~~~~~~^^
  File "C:\Users\mati\AppData\Local\Programs\Python\Python313\Lib\http\server.py", line 438, in handle
    self.handle_one_request()
    ~~~~~~~~~~~~~~~~~~~~~~~^^
  File "C:\Users\mati\AppData\Local\Programs\Python\Python313\Lib\http\server.py", line 438, in handle
    self.handle_one_request()
    ~~~~~~~~~~~~~~~~~~~~~~~^^
  File "C:\Users\mati\AppData\Local\Programs\Python\Python313\Lib\http\server.py", line 404, in handle_one_request
    self.raw_requestline = self.rfile.readline(65537)
                           ~~~~~~~~~~~~~~~~~~~^^^^^^^
  File "C:\Users\mati\AppData\Local\Programs\Python\Python313\Lib\http\server.py", line 404, in handle_one_request
    self.raw_requestline = self.rfile.readline(65537)
                           ~~~~~~~~~~~~~~~~~~~^^^^^^^
  File "C:\Users\mati\AppData\Local\Programs\Python\Python313\Lib\socket.py", line 719, in readinto
    return self._sock.recv_into(b)
           ~~~~~~~~~~~~~~~~~~~~^^^
  File "C:\Users\mati\AppData\Local\Programs\Python\Python313\Lib\socket.py", line 719, in readinto
    return self._sock.recv_into(b)
           ~~~~~~~~~~~~~~~~~~~~^^^
ConnectionResetError: [WinError 10054] Istniejące połączenie zostało gwałtownie zamknięte przez zdalnego hosta
----------------------------------------
ConnectionResetError: [WinError 10054] Istniejące połączenie zostało gwałtownie zamknięte przez zdalnego hosta
----------------------------------------
----------------------------------------
Exception occurred during processing of request from ('127.0.0.1', 59479)
Traceback (most recent call last):
  File "C:\Users\mati\AppData\Local\Programs\Python\Python313\Lib\socketserver.py", line 697, in process_request_thread
    self.finish_request(request, client_address)
    ~~~~~~~~~~~~~~~~~~~^^^^^^^^^^^^^^^^^^^^^^^^^
  File "C:\Users\mati\AppData\Local\Programs\Python\Python313\Lib\socketserver.py", line 362, in finish_request
    self.RequestHandlerClass(request, client_address, self)
    ~~~~~~~~~~~~~~~~~~~~~~~~^^^^^^^^^^^^^^^^^^^^^^^^^^^^^^^
  File "C:\Users\mati\AppData\Local\Programs\Python\Python313\Lib\http\server.py", line 672, in __init__
    super().__init__(*args, **kwargs)
    ~~~~~~~~~~~~~~~~^^^^^^^^^^^^^^^^^
  File "C:\Users\mati\AppData\Local\Programs\Python\Python313\Lib\socketserver.py", line 766, in __init__
    self.handle()
    ~~~~~~~~~~~^^
  File "C:\Users\mati\AppData\Local\Programs\Python\Python313\Lib\http\server.py", line 436, in handle
    self.handle_one_request()
    ~~~~~~~~~~~~~~~~~~~~~~~^^
  File "C:\Users\mati\AppData\Local\Programs\Python\Python313\Lib\http\server.py", line 404, in handle_one_request
    self.raw_requestline = self.rfile.readline(65537)
                           ~~~~~~~~~~~~~~~~~~~^^^^^^^
  File "C:\Users\mati\AppData\Local\Programs\Python\Python313\Lib\socket.py", line 719, in readinto
    return self._sock.recv_into(b)
           ~~~~~~~~~~~~~~~~~~~~^^^
ConnectionResetError: [WinError 10054] Istniejące połączenie zostało gwałtownie zamknięte przez zdalnego hosta
----------------------------------------
----------------------------------------
Exception occurred during processing of request from ('127.0.0.1', 50397)
Traceback (most recent call last):
  File "C:\Users\mati\AppData\Local\Programs\Python\Python313\Lib\socketserver.py", line 697, in process_request_thread
    self.finish_request(request, client_address)
    ~~~~~~~~~~~~~~~~~~~^^^^^^^^^^^^^^^^^^^^^^^^^
  File "C:\Users\mati\AppData\Local\Programs\Python\Python313\Lib\socketserver.py", line 362, in finish_request
    self.RequestHandlerClass(request, client_address, self)
    ~~~~~~~~~~~~~~~~~~~~~~~~^^^^^^^^^^^^^^^^^^^^^^^^^^^^^^^
  File "C:\Users\mati\AppData\Local\Programs\Python\Python313\Lib\http\server.py", line 672, in __init__
    super().__init__(*args, **kwargs)
    ~~~~~~~~~~~~~~~~^^^^^^^^^^^^^^^^^
  File "C:\Users\mati\AppData\Local\Programs\Python\Python313\Lib\socketserver.py", line 766, in __init__
    self.handle()
    ~~~~~~~~~~~^^
  File "C:\Users\mati\AppData\Local\Programs\Python\Python313\Lib\http\server.py", line 436, in handle
    self.handle_one_request()
    ~~~~~~~~~~~~~~~~~~~~~~~^^
  File "C:\Users\mati\AppData\Local\Programs\Python\Python313\Lib\http\server.py", line 404, in handle_one_request
    self.raw_requestline = self.rfile.readline(65537)
                           ~~~~~~~~~~~~~~~~~~~^^^^^^^
  File "C:\Users\mati\AppData\Local\Programs\Python\Python313\Lib\socket.py", line 719, in readinto
    return self._sock.recv_into(b)
           ~~~~~~~~~~~~~~~~~~~~^^^
ConnectionResetError: [WinError 10054] Istniejące połączenie zostało gwałtownie zamknięte przez zdalnego hosta
----------------------------------------
----------------------------------------
Exception occurred during processing of request from ('127.0.0.1', 61592)
Traceback (most recent call last):
  File "C:\Users\mati\AppData\Local\Programs\Python\Python313\Lib\socketserver.py", line 697, in process_request_thread
    self.finish_request(request, client_address)
    ~~~~~~~~~~~~~~~~~~~^^^^^^^^^^^^^^^^^^^^^^^^^
  File "C:\Users\mati\AppData\Local\Programs\Python\Python313\Lib\socketserver.py", line 362, in finish_request
    self.RequestHandlerClass(request, client_address, self)
    ~~~~~~~~~~~~~~~~~~~~~~~~^^^^^^^^^^^^^^^^^^^^^^^^^^^^^^^
  File "C:\Users\mati\AppData\Local\Programs\Python\Python313\Lib\http\server.py", line 672, in __init__
    super().__init__(*args, **kwargs)
    ~~~~~~~~~~~~~~~~^^^^^^^^^^^^^^^^^
  File "C:\Users\mati\AppData\Local\Programs\Python\Python313\Lib\socketserver.py", line 766, in __init__
    self.handle()
    ~~~~~~~~~~~^^
  File "C:\Users\mati\AppData\Local\Programs\Python\Python313\Lib\http\server.py", line 436, in handle
    self.handle_one_request()
    ~~~~~~~~~~~~~~~~~~~~~~~^^
  File "C:\Users\mati\AppData\Local\Programs\Python\Python313\Lib\http\server.py", line 404, in handle_one_request
    self.raw_requestline = self.rfile.readline(65537)
                           ~~~~~~~~~~~~~~~~~~~^^^^^^^
  File "C:\Users\mati\AppData\Local\Programs\Python\Python313\Lib\socket.py", line 719, in readinto
    return self._sock.recv_into(b)
           ~~~~~~~~~~~~~~~~~~~~^^^
ConnectionResetError: [WinError 10054] Istniejące połączenie zostało gwałtownie zamknięte przez zdalnego hosta
----------------------------------------
WAIT 120s: C:\Users\mati\Documents\GitHub\M5MonsterC5-Tab5\tools\ui_emulator\.venv\Scripts\python.exe tests/test_emulator_phase4_attacks.py
E.
======================================================================
ERROR: test_evil_twin_offline_template_and_disconnect (test_emulator_attacks_rogue_evil_mitm.NativeAttackBrowser.test_evil_twin_offline_template_and_disconnect)
----------------------------------------------------------------------
Traceback (most recent call last):
  File "C:\Users\mati\Documents\GitHub\M5MonsterC5-Tab5\tests\test_emulator_attacks_rogue_evil_mitm.py", line 16, in setUp
    self.page.goto(self.url);self.page.wait_for_function('globalThis.emulator?.measurements.frames>2')
                             ~~~~~~~~~~~~~~~~~~~~~~~~~~~^^^^^^^^^^^^^^^^^^^^^^^^^^^^^^^^^^^^^^^^^^^^^^
  File "C:\Users\mati\Documents\GitHub\M5MonsterC5-Tab5\tools\ui_emulator\.venv\Lib\site-packages\playwright\sync_api\_generated.py", line 11599, in wait_for_function
    self._sync(
    ~~~~~~~~~~^
        self._impl_obj.wait_for_function(
        ^^^^^^^^^^^^^^^^^^^^^^^^^^^^^^^^^
    ...<4 lines>...
        )
        ^
    )
    ^
  File "C:\Users\mati\Documents\GitHub\M5MonsterC5-Tab5\tools\ui_emulator\.venv\Lib\site-packages\playwright\_impl\_sync_base.py", line 115, in _sync
    return task.result()
           ~~~~~~~~~~~^^
  File "C:\Users\mati\Documents\GitHub\M5MonsterC5-Tab5\tools\ui_emulator\.venv\Lib\site-packages\playwright\_impl\_page.py", line 1110, in wait_for_function
    return await self._main_frame.wait_for_function(**locals_to_params(locals()))
           ^^^^^^^^^^^^^^^^^^^^^^^^^^^^^^^^^^^^^^^^^^^^^^^^^^^^^^^^^^^^^^^^^^^^^^
  File "C:\Users\mati\Documents\GitHub\M5MonsterC5-Tab5\tools\ui_emulator\.venv\Lib\site-packages\playwright\_impl\_frame.py", line 878, in wait_for_function
    await self._channel.send("waitForFunction", self._timeout, params)
  File "C:\Users\mati\Documents\GitHub\M5MonsterC5-Tab5\tools\ui_emulator\.venv\Lib\site-packages\playwright\_impl\_connection.py", line 69, in send
    return await self._connection.wrap_api_call(
           ^^^^^^^^^^^^^^^^^^^^^^^^^^^^^^^^^^^^^
    ...<3 lines>...
    )
    ^
  File "C:\Users\mati\Documents\GitHub\M5MonsterC5-Tab5\tools\ui_emulator\.venv\Lib\site-packages\playwright\_impl\_connection.py", line 559, in wrap_api_call
    raise rewrite_error(error, f"{parsed_st['apiName']}: {error}") from None
playwright._impl._errors.TimeoutError: Page.wait_for_function: Timeout 30000ms exceeded.

======================================================================
ERROR: test_mitm_cancel_does_not_create_file (test_emulator_attacks_rogue_evil_mitm.NativeAttackBrowser.test_mitm_cancel_does_not_create_file)
----------------------------------------------------------------------
Traceback (most recent call last):
  File "C:\Users\mati\Documents\GitHub\M5MonsterC5-Tab5\tests\test_emulator_attacks_rogue_evil_mitm.py", line 16, in setUp
    self.page.goto(self.url);self.page.wait_for_function('globalThis.emulator?.measurements.frames>2')
                             ~~~~~~~~~~~~~~~~~~~~~~~~~~~^^^^^^^^^^^^^^^^^^^^^^^^^^^^^^^^^^^^^^^^^^^^^^
  File "C:\Users\mati\Documents\GitHub\M5MonsterC5-Tab5\tools\ui_emulator\.venv\Lib\site-packages\playwright\sync_api\_generated.py", line 11599, in wait_for_function
    self._sync(
    ~~~~~~~~~~^
        self._impl_obj.wait_for_function(
        ^^^^^^^^^^^^^^^^^^^^^^^^^^^^^^^^^
    ...<4 lines>...
        )
        ^
    )
    ^
  File "C:\Users\mati\Documents\GitHub\M5MonsterC5-Tab5\tools\ui_emulator\.venv\Lib\site-packages\playwright\_impl\_sync_base.py", line 115, in _sync
    return task.result()
           ~~~~~~~~~~~^^
  File "C:\Users\mati\Documents\GitHub\M5MonsterC5-Tab5\tools\ui_emulator\.venv\Lib\site-packages\playwright\_impl\_page.py", line 1110, in wait_for_function
    return await self._main_frame.wait_for_function(**locals_to_params(locals()))
           ^^^^^^^^^^^^^^^^^^^^^^^^^^^^^^^^^^^^^^^^^^^^^^^^^^^^^^^^^^^^^^^^^^^^^^
  File "C:\Users\mati\Documents\GitHub\M5MonsterC5-Tab5\tools\ui_emulator\.venv\Lib\site-packages\playwright\_impl\_frame.py", line 878, in wait_for_function
    await self._channel.send("waitForFunction", self._timeout, params)
  File "C:\Users\mati\Documents\GitHub\M5MonsterC5-Tab5\tools\ui_emulator\.venv\Lib\site-packages\playwright\_impl\_connection.py", line 69, in send
    return await self._connection.wrap_api_call(
           ^^^^^^^^^^^^^^^^^^^^^^^^^^^^^^^^^^^^^
    ...<3 lines>...
    )
    ^
  File "C:\Users\mati\Documents\GitHub\M5MonsterC5-Tab5\tools\ui_emulator\.venv\Lib\site-packages\playwright\_impl\_connection.py", line 559, in wrap_api_call
    raise rewrite_error(error, f"{parsed_st['apiName']}: {error}") from None
playwright._impl._errors.TimeoutError: Page.wait_for_function: Timeout 30000ms exceeded.

======================================================================
ERROR: test_mitm_stop_finalizes_file (test_emulator_attacks_rogue_evil_mitm.NativeAttackBrowser.test_mitm_stop_finalizes_file)
----------------------------------------------------------------------
Traceback (most recent call last):
  File "C:\Users\mati\Documents\GitHub\M5MonsterC5-Tab5\tests\test_emulator_attacks_rogue_evil_mitm.py", line 16, in setUp
    self.page.goto(self.url);self.page.wait_for_function('globalThis.emulator?.measurements.frames>2')
                             ~~~~~~~~~~~~~~~~~~~~~~~~~~~^^^^^^^^^^^^^^^^^^^^^^^^^^^^^^^^^^^^^^^^^^^^^^
  File "C:\Users\mati\Documents\GitHub\M5MonsterC5-Tab5\tools\ui_emulator\.venv\Lib\site-packages\playwright\sync_api\_generated.py", line 11599, in wait_for_function
    self._sync(
    ~~~~~~~~~~^
        self._impl_obj.wait_for_function(
        ^^^^^^^^^^^^^^^^^^^^^^^^^^^^^^^^^
    ...<4 lines>...
        )
        ^
    )
    ^
  File "C:\Users\mati\Documents\GitHub\M5MonsterC5-Tab5\tools\ui_emulator\.venv\Lib\site-packages\playwright\_impl\_sync_base.py", line 115, in _sync
    return task.result()
           ~~~~~~~~~~~^^
  File "C:\Users\mati\Documents\GitHub\M5MonsterC5-Tab5\tools\ui_emulator\.venv\Lib\site-packages\playwright\_impl\_page.py", line 1110, in wait_for_function
    return await self._main_frame.wait_for_function(**locals_to_params(locals()))
           ^^^^^^^^^^^^^^^^^^^^^^^^^^^^^^^^^^^^^^^^^^^^^^^^^^^^^^^^^^^^^^^^^^^^^^
  File "C:\Users\mati\Documents\GitHub\M5MonsterC5-Tab5\tools\ui_emulator\.venv\Lib\site-packages\playwright\_impl\_frame.py", line 878, in wait_for_function
    await self._channel.send("waitForFunction", self._timeout, params)
  File "C:\Users\mati\Documents\GitHub\M5MonsterC5-Tab5\tools\ui_emulator\.venv\Lib\site-packages\playwright\_impl\_connection.py", line 69, in send
    return await self._connection.wrap_api_call(
           ^^^^^^^^^^^^^^^^^^^^^^^^^^^^^^^^^^^^^
    ...<3 lines>...
    )
    ^
  File "C:\Users\mati\Documents\GitHub\M5MonsterC5-Tab5\tools\ui_emulator\.venv\Lib\site-packages\playwright\_impl\_connection.py", line 559, in wrap_api_call
    raise rewrite_error(error, f"{parsed_st['apiName']}: {error}") from None
playwright._impl._errors.TimeoutError: Page.wait_for_function: Timeout 30000ms exceeded.

======================================================================
ERROR: test_rogue_ap_reset_releases_job (test_emulator_attacks_rogue_evil_mitm.NativeAttackBrowser.test_rogue_ap_reset_releases_job)
----------------------------------------------------------------------
Traceback (most recent call last):
  File "C:\Users\mati\Documents\GitHub\M5MonsterC5-Tab5\tests\test_emulator_attacks_rogue_evil_mitm.py", line 16, in setUp
    self.page.goto(self.url);self.page.wait_for_function('globalThis.emulator?.measurements.frames>2')
                             ~~~~~~~~~~~~~~~~~~~~~~~~~~~^^^^^^^^^^^^^^^^^^^^^^^^^^^^^^^^^^^^^^^^^^^^^^
  File "C:\Users\mati\Documents\GitHub\M5MonsterC5-Tab5\tools\ui_emulator\.venv\Lib\site-packages\playwright\sync_api\_generated.py", line 11599, in wait_for_function
    self._sync(
    ~~~~~~~~~~^
        self._impl_obj.wait_for_function(
        ^^^^^^^^^^^^^^^^^^^^^^^^^^^^^^^^^
    ...<4 lines>...
        )
        ^
    )
    ^
  File "C:\Users\mati\Documents\GitHub\M5MonsterC5-Tab5\tools\ui_emulator\.venv\Lib\site-packages\playwright\_impl\_sync_base.py", line 115, in _sync
    return task.result()
           ~~~~~~~~~~~^^
  File "C:\Users\mati\Documents\GitHub\M5MonsterC5-Tab5\tools\ui_emulator\.venv\Lib\site-packages\playwright\_impl\_page.py", line 1110, in wait_for_function
    return await self._main_frame.wait_for_function(**locals_to_params(locals()))
           ^^^^^^^^^^^^^^^^^^^^^^^^^^^^^^^^^^^^^^^^^^^^^^^^^^^^^^^^^^^^^^^^^^^^^^
  File "C:\Users\mati\Documents\GitHub\M5MonsterC5-Tab5\tools\ui_emulator\.venv\Lib\site-packages\playwright\_impl\_frame.py", line 878, in wait_for_function
    await self._channel.send("waitForFunction", self._timeout, params)
  File "C:\Users\mati\Documents\GitHub\M5MonsterC5-Tab5\tools\ui_emulator\.venv\Lib\site-packages\playwright\_impl\_connection.py", line 69, in send
    return await self._connection.wrap_api_call(
           ^^^^^^^^^^^^^^^^^^^^^^^^^^^^^^^^^^^^^
    ...<3 lines>...
    )
    ^
  File "C:\Users\mati\Documents\GitHub\M5MonsterC5-Tab5\tools\ui_emulator\.venv\Lib\site-packages\playwright\_impl\_connection.py", line 559, in wrap_api_call
    raise rewrite_error(error, f"{parsed_st['apiName']}: {error}") from None
playwright._impl._errors.TimeoutError: Page.wait_for_function: Timeout 30000ms exceeded.

----------------------------------------------------------------------
Ran 11 tests in 132.029s

FAILED (errors=4)
Traceback (most recent call last):
  File "C:\Users\mati\Documents\GitHub\M5MonsterC5-Tab5\tests\verify_emulator_sae.py", line 22, in <module>
    if fingerprint != artifact_fingerprint():
            ^^^^^^^^^^^^^^^^^^^^^^^^^^^^^^^^^
RuntimeError: Check failed: tests/test_emulator_phase4_attacks.py

TEST SUMMARY
==============================================================================
sae
  PASS            0.16s  test_emulator_sae.mjs test_emulator_attacks.mjs
  PASS            8.24s  test_emulator_sae.py
  FAIL          132.22s  test_emulator_phase4_attacks.py
------------------------------------------------------------------------------
Result: FAIL | scripts PASS: 2 | FAIL/ERROR: 1
Total elapsed: 140.64s
Section wrapper times include their children; do not add them together.
Run incomplete: checks after the failure may NOT HAVE RUN. Missing entries are not passes.
Failure log: C:\Users\mati\Documents\GitHub\M5MonsterC5-Tab5\docs\ui-emulator\test-runs\20260912-144833-9fe5b9\efb7fa64b7f24f23ba59b0d6fad22133.log
Report: C:\Users\mati\Documents\GitHub\M5MonsterC5-Tab5\docs\ui-emulator\test-runs\20260912-144833-9fe5b9\summary.json

