test_denied_disk_uses_session_storage (__main__.TransferSpeedBrowser.test_denied_disk_uses_session_storage) ... ok
test_selection_reload_and_reset_all_rotations (__main__.TransferSpeedBrowser.test_selection_reload_and_reset_all_rotations) ... 
  test_selection_reload_and_reset_all_rotations (__main__.TransferSpeedBrowser.test_selection_reload_and_reset_all_rotations) (rotation=0) ... FAIL
  test_selection_reload_and_reset_all_rotations (__main__.TransferSpeedBrowser.test_selection_reload_and_reset_all_rotations) (rotation=1) ... FAIL
  test_selection_reload_and_reset_all_rotations (__main__.TransferSpeedBrowser.test_selection_reload_and_reset_all_rotations) (rotation=2) ... FAIL
  test_selection_reload_and_reset_all_rotations (__main__.TransferSpeedBrowser.test_selection_reload_and_reset_all_rotations) (rotation=3) ... FAIL

======================================================================
FAIL: test_selection_reload_and_reset_all_rotations (__main__.TransferSpeedBrowser.test_selection_reload_and_reset_all_rotations) (rotation=0)
----------------------------------------------------------------------
Traceback (most recent call last):
  File "C:\Users\mati\Documents\GitHub\M5MonsterC5-Tab5\tests\test_emulator_transfer_speed.py", line 31, in test_selection_reload_and_reset_all_rotations
    self.assertEqual(p.evaluate('emulatorSettings.get("ft_baud",null)'),115200)
    ~~~~~~~~~~~~~~~~^^^^^^^^^^^^^^^^^^^^^^^^^^^^^^^^^^^^^^^^^^^^^^^^^^^^^^^^^^^
AssertionError: 921600 != 115200

======================================================================
FAIL: test_selection_reload_and_reset_all_rotations (__main__.TransferSpeedBrowser.test_selection_reload_and_reset_all_rotations) (rotation=1)
----------------------------------------------------------------------
Traceback (most recent call last):
  File "C:\Users\mati\Documents\GitHub\M5MonsterC5-Tab5\tests\test_emulator_transfer_speed.py", line 31, in test_selection_reload_and_reset_all_rotations
    self.assertEqual(p.evaluate('emulatorSettings.get("ft_baud",null)'),115200)
    ~~~~~~~~~~~~~~~~^^^^^^^^^^^^^^^^^^^^^^^^^^^^^^^^^^^^^^^^^^^^^^^^^^^^^^^^^^^
AssertionError: 921600 != 115200

======================================================================
FAIL: test_selection_reload_and_reset_all_rotations (__main__.TransferSpeedBrowser.test_selection_reload_and_reset_all_rotations) (rotation=2)
----------------------------------------------------------------------
Traceback (most recent call last):
  File "C:\Users\mati\Documents\GitHub\M5MonsterC5-Tab5\tests\test_emulator_transfer_speed.py", line 31, in test_selection_reload_and_reset_all_rotations
    self.assertEqual(p.evaluate('emulatorSettings.get("ft_baud",null)'),115200)
    ~~~~~~~~~~~~~~~~^^^^^^^^^^^^^^^^^^^^^^^^^^^^^^^^^^^^^^^^^^^^^^^^^^^^^^^^^^^
AssertionError: 921600 != 115200

======================================================================
FAIL: test_selection_reload_and_reset_all_rotations (__main__.TransferSpeedBrowser.test_selection_reload_and_reset_all_rotations) (rotation=3)
----------------------------------------------------------------------
Traceback (most recent call last):
  File "C:\Users\mati\Documents\GitHub\M5MonsterC5-Tab5\tests\test_emulator_transfer_speed.py", line 31, in test_selection_reload_and_reset_all_rotations
    self.assertEqual(p.evaluate('emulatorSettings.get("ft_baud",null)'),115200)
    ~~~~~~~~~~~~~~~~^^^^^^^^^^^^^^^^^^^^^^^^^^^^^^^^^^^^^^^^^^^^^^^^^^^^^^^^^^^
AssertionError: 921600 != 115200

----------------------------------------------------------------------
Ran 2 tests in 7.031s

FAILED (failures=4)
